[pitersmile.com/index.html]
[backblue.gif]
[fade.gif]
[index.html]
[pitersmile.com/wp-content/themes/stoma_theme/img/favicon/favicon.ico]
[pitersmile.com/wp-content/themes/stoma_theme/img/favicon/apple-touch-icon.png]
[pitersmile.com/wp-content/themes/stoma_theme/img/favicon/apple-touch-icon-72x72.png]
[pitersmile.com/wp-content/themes/stoma_theme/img/favicon/apple-touch-icon-114x114.png]
[pitersmile.com/wp-content/themes/stoma_theme/all-stylesheets.css]
[pitersmile.com/wp-content/themes/stoma_theme/libs/modernizr/modernizr.js]
[pitersmile.com/wp-content/uploads/Beaver_Builder_v1_5_0/cache/879-layoutf3ce.css]
[pitersmile.com/wp-content/uploads/Beaver_Builder_v1_5_0/cache/812-layoutd2e7.css]
[pitersmile.com/wp-content/uploads/Beaver_Builder_v1_5_0/cache/681-layout2f09.css]
[pitersmile.com/wp-content/uploads/Beaver_Builder_v1_5_0/cache/817-layout1490.css]
[pitersmile.com/wp-content/uploads/Beaver_Builder_v1_5_0/cache/816-layoutc86f.css]
[pitersmile.com/wp-content/plugins/LayerSlider/static/css/layersliderf08a.css]
[pitersmile.com/wp-content/plugins/captcha/css/stylec011.css]
[pitersmile.com/page/2/index.html]
[pitersmile.com/wp-content/plugins/contact-form-7/includes/css/stylesd7b7.css]
[pitersmile.com/wp-content/themes/stoma_theme/stylec011.css]
[pitersmile.com/wp-includes/js/jquery/jqueryc1d8.js]
[pitersmile.com/wp-includes/js/jquery/jquery-migrate.min1576.js]
[pitersmile.com/wp-content/plugins/LayerSlider/static/js/layerslider.kreaturamedia.jqueryf08a.js]
[pitersmile.com/wp-content/plugins/LayerSlider/static/js/greensock4a80.js]
[pitersmile.com/wp-content/plugins/LayerSlider/static/js/layerslider.transitionsf08a.js]
[pitersmile.com/wp-content/uploads/layerslider.custom.transitionsf08a.js]
[pitersmile.com/wp-content/uploads/2015/10/logo.png]
[pitersmile.com/wp-content/uploads/2017/01/bg11.jpg]
[pitersmile.com/o-klinike/index.html]
[pitersmile.com/uslugi/index.html]
[pitersmile.com/wp-content/uploads/2015/10/IMG_5168a.jpg]
[pitersmile.com/prajs-list/index.html]
[pitersmile.com/aktsii/index.html]
[pitersmile.com/wp-content/uploads/2016/08/2_full.jpg]
[pitersmile.com/vrachi/index.html]
[pitersmile.com/wp-content/uploads/2016/08/stom6.jpg]
[pitersmile.com/wp-content/uploads/2016/08/shutterstock_127430708_1300.jpg]
[pitersmile.com/wp-content/uploads/2019/01/3D-Smile-mldent.jpg]
[pitersmile.com/blog/index.html]
[pitersmile.com/wp-content/themes/stoma_theme/img/icon_doctors.png]
[pitersmile.com/zaregistrirovat-vip-kartu/index.html]
[pitersmile.com/kontakty/index.html]
[pitersmile.com/wp-content/themes/stoma_theme/img/icon_cost.png]
[pitersmile.com/aktsiya-5/index.html]
[pitersmile.com/aktsiya-gigiena-polosti-rta-polnyj-kompleks/index.html]
[pitersmile.com/aktsiya-implantatsiya-zubov-sistemoj-impro-22000-rublej/index.html]
[pitersmile.com/wp-content/themes/stoma_theme/img/icon_technology.png]
[pitersmile.com/aktsiya-metallokeramicheskaya-koronka-co-cr-standart-7700-rublej/index.html]
[pitersmile.com/tech]
[pitersmile.com/aktsiya-2/index.html]
[pitersmile.com/wp-content/themes/stoma_theme/img/icon_garant.png]
[pitersmile.com/garantiya]
[pitersmile.com/wp-content/themes/stoma_theme/img/icon_dental_treatment.png]
[pitersmile.com/lechenie/index.html]
[pitersmile.com/wp-content/themes/stoma_theme/img/icon_implantation.png]
[pitersmile.com/implantatsiya/index.html]
[pitersmile.com/wp-content/themes/stoma_theme/img/icon_prosthetics.png]
[pitersmile.com/protezirovanie/index.html]
[pitersmile.com/wp-content/themes/stoma_theme/img/icon_orthodontics.png]
[pitersmile.com/ortodontiya/index.html]
[pitersmile.com/wp-content/themes/stoma_theme/img/partners_splat.jpg]
[pitersmile.com/wp-content/themes/stoma_theme/img/partners_rocs.jpg]
[pitersmile.com/wp-content/themes/stoma_theme/img/partners_picasso.jpg]
[pitersmile.com/wp-content/themes/stoma_theme/img/partners_4.jpg]
[pitersmile.com/wp-content/themes/stoma_theme/img/partners_bank.jpg]
[pitersmile.com/wp-content/themes/stoma_theme/img/partners_nsk.jpg]
[pitersmile.com/wp-content/uploads/2017/01/bg1-354x235.jpg]
[pitersmile.com/wp-content/uploads/2016/08/shutterstock_127430708_1300-354x235.jpg]
[pitersmile.com/wp-content/uploads/2015/10/IMG_5168a-354x235.jpg]
[pitersmile.com/gigiena-polosti-rta/index.html]
[pitersmile.com/lechenie-zubov/index.html]
[pitersmile.com/profilaktika/index.html]
[pitersmile.com/stati/index.html]
[pitersmile.com/lechenie/lechenie-kariesa/index.html]
[pitersmile.com/lechenie/lechenie-pul-pita/index.html]
[pitersmile.com/lechenie/lechenie-periodontita/index.html]
[pitersmile.com/lechenie/vosstanovlenie-zubov/index.html]
[pitersmile.com/lechenie/lechenie-zubov-pod-obshhim-narkozom/index.html]
[pitersmile.com/hirurgiya/index.html]
[pitersmile.com/lechenie/lechenie-zubov-pri-beremennosti/index.html]
[pitersmile.com/hirurgiya/udalenie-zubov-lyuboj-slozhnosti/index.html]
[pitersmile.com/hirurgiya/uglublenie-preddveriya-polosti-rta/index.html]
[pitersmile.com/wp-content/themes/stoma_theme/libs/jquery/jquery-1.11.2.min.js]
[pitersmile.com/wp-content/themes/stoma_theme/libs/plugins-scroll/plugins-scroll.js]
[pitersmile.com/wp-content/themes/stoma_theme/libs/ParallaxContentSlider/js/jquery.cslider.js]
[pitersmile.com/wp-content/themes/stoma_theme/libs/mixitup-master/build/jquery.mixitup.min.js]
[pitersmile.com/hirurgiya/udalenie-retinirovannogo-zuba/index.html]
[pitersmile.com/hirurgiya/plastika-uzdechek-guby-i-yazy-ka/index.html]
[pitersmile.com/wp-content/themes/stoma_theme/libs/owl-carousel/owl.carousel.min.js]
[pitersmile.com/hirurgiya/gemisektsiya-zuba/index.html]
[pitersmile.com/hirurgiya/udalenie-kisty-zuba/index.html]
[pitersmile.com/wp-content/themes/stoma_theme/libs/Magnific-Popup/dist/jquery.magnific-popup.min.js]
[pitersmile.com/hirurgiya/lechenie-al-veolita/index.html]
[pitersmile.com/hirurgiya/lechenie-periostita-flyusa/index.html]
[pitersmile.com/wp-content/themes/stoma_theme/js/common.js]
[pitersmile.com/implantatsiya/e-kspress-implantatsiya-zubov/index.html]
[pitersmile.com/implantatsiya/dental-naya-implantatsiya-zubov/index.html]
[pitersmile.com/wp-content/plugins/Beaver_Builder_v1_5_0/js/jquery.js]
[pitersmile.com/e-steticheskaya-stomatologiya/index.html]
[pitersmile.com/e-steticheskaya-stomatologiya/otbelivanie-zubov/index.html]
[pitersmile.com/implantatsiya/bazal-naya-implantatsiya-zubov/index.html]
[pitersmile.com/wp-content/plugins/Beaver_Builder_v1_5_0/js/jquery.migrate.min.js]
[pitersmile.com/wp-content/uploads/Beaver_Builder_v1_5_0/cache/879-layoutf3ce.js]
[pitersmile.com/wp-content/uploads/Beaver_Builder_v1_5_0/cache/812-layoutd2e7.js]
[pitersmile.com/wp-content/uploads/Beaver_Builder_v1_5_0/cache/681-layout2f09.js]
[pitersmile.com/ortodontiya/ustanovka-breket-sistem/index.html]
[pitersmile.com/e-steticheskaya-stomatologiya/holodnoe-otbelivanie/index.html]
[pitersmile.com/ortodontiya/keramicheskie-brekety/index.html]
[pitersmile.com/e-steticheskaya-stomatologiya/otbelivanie-zubov-sistemoj-beyond-polus/index.html]
[pitersmile.com/wp-content/uploads/Beaver_Builder_v1_5_0/cache/817-layout1490.js]
[pitersmile.com/protezirovanie/nes-emnoe-protezirovanie-zubov/index.html]
[pitersmile.com/protezirovanie/s-emny-e-nejlonovy-e-protezy/index.html]
[pitersmile.com/ortodontiya/sapfirovy-e-brekety/index.html]
[pitersmile.com/ortodontiya/metallicheskie-brekety/index.html]
[pitersmile.com/wp-content/uploads/Beaver_Builder_v1_5_0/cache/816-layoutc86f.js]
[pitersmile.com/protezirovanie/protezirovanie-zubov-v-kredit-ili-v-rassrochku/index.html]
[pitersmile.com/protezirovanie/sovremennoe-protezirovanie-zubov/index.html]
[pitersmile.com/protezirovanie/protezirovanie-perednih-zubov/index.html]
[pitersmile.com/protezirovanie/vkladki/index.html]
[pitersmile.com/wp-content/plugins/contact-form-7/includes/js/jquery.form.mind03d.js]
[pitersmile.com/gigiena/snyatie-pigmentnogo-naleta/index.html]
[pitersmile.com/gigiena/professional-naya-chictka-zubov-air-flow/index.html]
[pitersmile.com/gigiena/index.html]
[pitersmile.com/gigiena/polirovka-zubov-posle-chistki/index.html]
[pitersmile.com/wp-content/plugins/contact-form-7/includes/js/scriptsd7b7.js]
[pitersmile.com/gigiena/glubokoe-ftorirovanie/index.html]
[pitersmile.com/gigiena/germetizatsiya-fissur/index.html]
[pitersmile.com/gigiena/udalenie-zubnogo-kamnya-zubny-h-otlozhenij/index.html]
[pitersmile.com/karta-sajta/index.html]
[pitersmile.com/wp-content/themes/stoma_theme/js/navigation11a8.js]
[pitersmile.com/wp-content/themes/stoma_theme/js/skip-link-focus-fix08e0.js]
[pitersmile.com/index.html]
[pitersmile.com/wp-content/themes/stoma_theme/libs/bootstrap/css/bootstrap-grid.min.css]
[pitersmile.com/wp-content/themes/stoma_theme/libs/Magnific-Popup/dist/magnific-popup.css]
[pitersmile.com/wp-content/themes/stoma_theme/libs/ParallaxContentSlider/css/style.css]
[pitersmile.com/wp-content/themes/stoma_theme/libs/owl-carousel/owl.carousel.css]
[pitersmile.com/wp-content/themes/stoma_theme/libs/owl-carousel/owl.theme.css]
[pitersmile.com/wp-content/themes/stoma_theme/libs/owl-carousel/owl.transitions.css]
[pitersmile.com/wp-content/themes/stoma_theme/css/main.css]
[pitersmile.com/wp-content/themes/stoma_theme/css/media.css]
[pitersmile.com/wp-content/themes/stoma_theme/all-stylesheets.css]
[pitersmile.com/wp-content/themes/stoma_theme/libs/modernizr/modernizr.js]
[pitersmile.com/wp-content/uploads/Beaver_Builder_v1_5_0/cache/720-layout14da.css]
[pitersmile.com/wp-content/uploads/Beaver_Builder_v1_5_0/cache/345-layout7621.css]
[pitersmile.com/page/3/index.html]
[pitersmile.com/wp-content/uploads/Beaver_Builder_v1_5_0/cache/341-layout1f54.css]
[pitersmile.com/wp-content/uploads/Beaver_Builder_v1_5_0/cache/339-layoutb6f6.css]
[pitersmile.com/wp-content/uploads/Beaver_Builder_v1_5_0/cache/338-layoutc012.css]
[pitersmile.com/wp-content/uploads/Beaver_Builder_v1_5_0/cache/332-layoutd1b5.css]
[pitersmile.com/wp-content/uploads/Beaver_Builder_v1_5_0/cache/720-layout14da.js]
[pitersmile.com/wp-content/uploads/Beaver_Builder_v1_5_0/cache/345-layout7621.js]
[pitersmile.com/wp-content/uploads/Beaver_Builder_v1_5_0/cache/341-layout1f54.js]
[pitersmile.com/wp-content/uploads/Beaver_Builder_v1_5_0/cache/339-layoutb6f6.js]
[pitersmile.com/wp-content/uploads/Beaver_Builder_v1_5_0/cache/338-layoutc012.js]
[pitersmile.com/wp-content/uploads/Beaver_Builder_v1_5_0/cache/332-layoutd1b5.js]
[pitersmile.com/page/2/index.html]
[pitersmile.com/wp-content/uploads/Beaver_Builder_v1_5_0/cache/879-layoutf3ce.css]
[pitersmile.com/wp-content/uploads/Beaver_Builder_v1_5_0/cache/812-layoutd2e7.css]
[pitersmile.com/wp-content/uploads/Beaver_Builder_v1_5_0/cache/681-layout2f09.css]
[pitersmile.com/wp-content/uploads/Beaver_Builder_v1_5_0/cache/817-layout1490.css]
[pitersmile.com/wp-content/uploads/Beaver_Builder_v1_5_0/cache/816-layoutc86f.css]
[pitersmile.com/wp-content/plugins/LayerSlider/static/css/blank.gif]
[pitersmile.com/wp-content/plugins/LayerSlider/static/css/layersliderf08a.css]
[pitersmile.com/wp-content/plugins/captcha/css/stylec011.css]
[pitersmile.com/wp-content/plugins/contact-form-7/includes/css/stylesd7b7.css]
[pitersmile.com/wp-content/themes/stoma_theme/stylec011.css]
[pitersmile.com/wp-includes/js/jquery/jqueryc1d8.js]
[pitersmile.com/wp-includes/js/jquery/jquery-migrate.min1576.js]
[pitersmile.com/wp-content/plugins/LayerSlider/static/js/layerslider.kreaturamedia.jqueryf08a.js]
[pitersmile.com/wp-content/plugins/LayerSlider/static/js/greensock4a80.js]
[pitersmile.com/9z/index.html]
[pitersmile.com/2x/index.html]
[pitersmile.com/6a/eJ/index.html]
[pitersmile.com/wp-content/plugins/LayerSlider/static/js/layerslider.transitionsf08a.js]
[pitersmile.com/wp-content/uploads/layerslider.custom.transitionsf08a.js]
[pitersmile.com/wp-content/plugins/Beaver_Builder_v1_5_0/css/jquery.magnificpopup91ce.css]
[pitersmile.com/wp-content/uploads/Beaver_Builder_v1_5_0/cache/74-layout387d.css]
[pitersmile.com/wp-content/uploads/2015/11/P4A7435.jpg]
[pitersmile.com/parodontologiya/index.html]
[pitersmile.com/wp-content/uploads/2015/10/icon_cost.png]
[pitersmile.com/wp-content/uploads/2016/03/icon_garant.png]
[pitersmile.com/wp-content/uploads/2016/03/licensia_1.jpg]
[pitersmile.com/wp-content/uploads/2016/03/licensia_1-718x1024.jpg]
[pitersmile.com/wp-content/uploads/2016/03/licensia_3.jpg]
[pitersmile.com/wp-content/uploads/2016/03/licensia_3-718x1024.jpg]
[pitersmile.com/wp-content/uploads/2016/03/licensia_2.jpg]
[pitersmile.com/wp-content/uploads/2015/10/contacts_img.jpg]
[pitersmile.com/wp-content/uploads/2015/10/about_clinic3.jpg]
[pitersmile.com/wp-content/uploads/2015/10/about_clinic4.jpg]
[pitersmile.com/wp-content/plugins/Beaver_Builder_v1_5_0/js/jquery.magnificpopup.min91ce.js]
[pitersmile.com/o-klinike/index.html]
[pitersmile.com/wp-content/uploads/Beaver_Builder_v1_5_0/cache/74-layout387d.js]
[pitersmile.com/wp-content/uploads/2015/10/icon_services_1.png]
[pitersmile.com/wp-content/uploads/Beaver_Builder_v1_5_0/cache/151-layoutc864.css]
[pitersmile.com/wp-content/uploads/2015/10/icon_services_2.png]
[pitersmile.com/wp-content/uploads/2015/10/icon_services_3.png]
[pitersmile.com/wp-content/uploads/2015/10/icon_services_5.png]
[pitersmile.com/wp-content/uploads/2015/10/icon_services_4.png]
[pitersmile.com/wp-content/uploads/2015/10/icon_services_6.png]
[pitersmile.com/wp-content/uploads/2015/10/icon_services_7.png]
[pitersmile.com/wp-content/uploads/2015/10/icon_services_8.png]
[pitersmile.com/uslugi/index.html]
[pitersmile.com/wp-content/uploads/Beaver_Builder_v1_5_0/cache/151-layoutc864.js]
[pitersmile.com/wp-content/uploads/Beaver_Builder_v1_5_0/cache/70-layout2bb0.css]
[pitersmile.com/prajs-list/index.html]
[pitersmile.com/wp-content/uploads/Beaver_Builder_v1_5_0/cache/70-layout2bb0.js]
[pitersmile.com/wp-content/uploads/2017/01/bg1.jpg]
[pitersmile.com/zapisat-sya-na-priem/index.html]
[pitersmile.com/aktsii/index.html]
[pitersmile.com/wp-content/uploads/2015/11/P4A7435-150x150.jpg]
[pitersmile.com/wp-content/uploads/2015/11/P4A7394-2-150x150.jpg]
[pitersmile.com/wp-content/uploads/2017/01/Vera-Olegovna-150x150.jpg]
[pitersmile.com/wp-content/uploads/2017/03/IMG_5211-150x150.jpg]
[pitersmile.com/wp-content/uploads/2017/06/IMG_4827-150x150.jpg]
[pitersmile.com/wp-content/uploads/2017/06/IMG_4896-150x150.jpg]
[pitersmile.com/wp-content/uploads/2017/06/IMG_4974-150x150.jpg]
[pitersmile.com/wp-content/uploads/2018/09/Anohina-150x150.jpg]
[pitersmile.com/vrachi/index.html]
[pitersmile.com/comanda/taevskij-andrej-borisovich/index.html]
[pitersmile.com/wp-content/uploads/Beaver_Builder_v1_5_0/cache/91-layout8602.css]
[pitersmile.com/comanda/karyatov-vitalij-vladimirovich/index.html]
[pitersmile.com/comanda/gubina-veronika-vladimirovna/index.html]
[pitersmile.com/comanda/gubina-vera-olegovna/index.html]
[pitersmile.com/comanda/govorova-svetlana-evgenevna/index.html]
[pitersmile.com/comanda/skuratovskij-semen-konstantinovich/index.html]
[pitersmile.com/comanda/anohina-regina-alekseevna/index.html]
[pitersmile.com/comanda/kirienkova-mariya-gennadevna/index.html]
[pitersmile.com/wp-content/uploads/2015/11/08.10.15_romenskaya97_b.jpg]
[pitersmile.com/wp-content/uploads/2015/11/08.10.15_romenskaya96_b.jpg]
[pitersmile.com/wp-content/uploads/2015/11/08.10.15_romenskaya95_b.jpg]
[pitersmile.com/wp-content/uploads/2015/11/08.10.15_romenskaya94_b.jpg]
[pitersmile.com/wp-content/uploads/2015/11/08.10.15_romenskaya93_b.jpg]
[pitersmile.com/wp-content/uploads/2015/10/IMG_5208.jpg]
[pitersmile.com/wp-content/uploads/2015/11/31.07.15_romenskaya92_b.jpg]
[pitersmile.com/wp-content/uploads/2015/11/31.07.15_romenskaya91_b.jpg]
[pitersmile.com/wp-content/uploads/2015/11/zub-reagiruet-na-holodnoe-i-goryachee.jpg]
[pitersmile.com/wp-content/uploads/2015/11/otek-posle-lecheniya-zuba.jpg]
[pitersmile.com/wp-content/uploads/2015/11/bolit-zub-posle-lecheniya.jpg]
[pitersmile.com/wp-content/uploads/2015/11/sedaciya.jpg]
[pitersmile.com/sovremenny-e-zubny-e-koronki-i-ih-preimushhestva/index.html]
[pitersmile.com/wp-content/uploads/2015/11/26.08.15_romenskaya91_b.jpg]
[pitersmile.com/wp-content/uploads/2015/11/26.08.15_romenskaya90_b.jpg]
[pitersmile.com/wp-content/uploads/2015/11/26.08.15_romenskaya89_b.jpg]
[pitersmile.com/wp-content/uploads/2015/11/26.08.15_romenskaya88_b.jpg]
[pitersmile.com/wp-content/uploads/2015/11/26.08.15_romenskaya87_b.jpg]
[pitersmile.com/wp-content/uploads/2015/11/26.08.15_romenskaya86_b.jpg]
[pitersmile.com/wp-content/uploads/2015/11/06.04.15_romenskaya16_b.jpg]
[pitersmile.com/wp-content/uploads/2015/11/31.07.15_romenskaya84_b.jpg]
[pitersmile.com/ortopedicheskaya-stomatologiya-sovremennoe-protezirovanie-zubov/index.html]
[pitersmile.com/wp-content/uploads/2015/11/31.07.15_romenskaya83_b.jpg]
